00000000 00000500 ldc 5
00000001 00000003 stl 0
00000002 00000400 ldc 4
00000003 00000103 stl 1
00000004 00000300 ldc 3
00000005 00000203 stl 2
00000006 00000200 ldc 2
00000007 00000303 stl 3
00000008 00000100 ldc 1
00000009 00000403 stl 4
0000000a 00000000 ldc 0
0000000b 00000503 stl 5
0000000c          outer:
0000000c 00000502 ldl 5
0000000d 00000400 ldc 4
0000000e 00000007 sub 
0000000f 0000250f brz end
00000010 00000000 ldc 0
00000011 00000603 stl 6
00000012          inner:
00000012 00000602 ldl 6
00000013 00000400 ldc 4
00000014 00000007 sub 
00000015 00001a0f brz next
00000016 00000602 ldl 6
00000017 00000004 ldnl 0
00000018 00000602 ldl 6
00000019 00000100 ldc 1
0000001a 00000006 add 
0000001b 00000004 ldnl 0
0000001c 00000007 sub 
0000001d 00000d10 brlz skip
0000001e 00000602 ldl 6
0000001f 00000004 ldnl 0
00000020 00000703 stl 7
00000021 00000602 ldl 6
00000022 00000100 ldc 1
00000023 00000006 add 
00000024 00000004 ldnl 0
00000025 00000605 stnl 6
00000026 00000702 ldl 7
00000027 00000602 ldl 6
00000028 00000100 ldc 1
00000029 00000006 add 
0000002a 00000005 stnl 0
0000002b          skip:
0000002b 00000602 ldl 6
0000002c 00000100 ldc 1
0000002d 00000006 add 
0000002e 00000603 stl 6
0000002f ffffe211 br inner
00000030          next:
00000030 00000502 ldl 5
00000031 00000100 ldc 1
00000032 00000006 add 
00000033 00000503 stl 5
00000034 ffffd711 br outer
00000035          end:
00000035 00000012 HALT 
